
> fashion-store@1.0.0 build
> next build

 ⚠ Warning: Next.js inferred your workspace root, but it may not be correct.
 We detected multiple lockfiles and selected the directory of /data/data/com.termux/files/home/package-lock.json as the root directory.
 To silence this warning, set `outputFileTracingRoot` in your Next.js config, or consider removing one of the lockfiles if it's not needed.
   See https://nextjs.org/docs/app/api-reference/config/next-config-js/output#caveats for more information.
 Detected additional lockfiles: 
   * /data/data/com.termux/files/home/fashion-store/package-lock.json

   ▲ Next.js 15.5.10
   - Experiments (use with caution):
     · optimizePackageImports

   Creating an optimized production build ...
   Downloading swc package @next/swc-wasm-nodejs... to /data/data/com.termux/files/home/.cache/next-swc
> [PWA] Compile server
> [PWA] Compile server
> [PWA] Compile client (static)
> [PWA] Auto register service worker with: /data/data/com.termux/files/home/fashion-store/node_modules/next-pwa/register.js
> [PWA] Service worker: /data/data/com.termux/files/home/fashion-store/public/sw.js
> [PWA]   url: /sw.js
> [PWA]   scope: /
<w> [webpack.cache.PackFileCacheStrategy] Caching failed for pack: Error: Unable to snapshot resolve dependencies
<w> [webpack.cache.PackFileCacheStrategy] Caching failed for pack: Error: Unable to snapshot resolve dependencies
<w> [webpack.cache.PackFileCacheStrategy] Caching failed for pack: Error: Unable to snapshot resolve dependencies
 ⚠ Compiled with warnings in 2.1min

./node_modules/@supabase/supabase-js/dist/index.mjs
A Node.js API is used (process.version at line: 27) which is not supported in the Edge Runtime.
Learn more: https://nextjs.org/docs/api-reference/edge-runtime

Import trace for requested module:
./node_modules/@supabase/supabase-js/dist/index.mjs
./node_modules/@supabase/ssr/dist/module/createBrowserClient.js
./node_modules/@supabase/ssr/dist/module/index.js

   Linting and checking validity of types ...
   Collecting page data ...
   Generating static pages (0/26) ...
   Generating static pages (6/26) 
   Generating static pages (12/26) 
Error occurred prerendering page "/admin/banner". Read more: https://nextjs.org/docs/messages/prerender-error
Error: @supabase/ssr: Your project's URL and API key are required to create a Supabase client!

Check your Supabase project's API settings to find these values

https://supabase.com/dashboard/project/_/settings/api
    at <unknown> (https://supabase.com/dashboard/project/_/settings/api)
    at c5 (.next/server/chunks/532.js:42:105)
    at e (.next/server/chunks/726.js:1:1192)
    at y (.next/server/chunks/726.js:1:7672) {
  digest: '2670669959'
}
Export encountered an error on /admin/banner/page: /admin/banner, exiting the build.
 ⨯ Next.js build worker exited with code: 1 and signal: null
